Registers:
  %rax: 0x0000000000000000    %rbx: 0x0000000000000000    
  %rcx: 0x0000000000000000    %rdx: 0x0000000000000000    
  %rsi: 0x0000000000000000    %rdi: 0x0000000000000000    
  %r8 : 0x0000000000000000    %r9 : 0x0000000000000000    
  %r10: 0x0000000000000000    %r11: 0x0000000000000000    
  %r12: 0x0000000000000000    %r13: 0x0000000000000000    
  %r14: 0x0000000000000000    %r15: 0x0000000000000000    
Registers:
  %rax: 0x0000000000000000    %rbx: 0x0000000000000000    
  %rcx: 0x0000000000000000    %rdx: 0x0000000000000000    
  %rsi: 0x0000000000000000    %rdi: 0x0000000000000000    
  %r8 : 0x0000000000000000    %r9 : 0x0000000000000000    
  %r10: 0x0000000000000000    %r11: 0x0000000000000000    
  %r12: 0x0000000000000000    %r13: 0x0000000000000000    
  %r14: 0x0000000000000000    %r15: 0x0000000000000000    
Registers:
  %rax: 0x0000000000000001    %rbx: 0x0000000000000000    
  %rcx: 0x0000000000000000    %rdx: 0x0000000000000000    
  %rsi: 0x0000000000000000    %rdi: 0x0000000000000000    
  %r8 : 0x0000000000000000    %r9 : 0x0000000000000000    
  %r10: 0x0000000000000000    %r11: 0x0000000000000000    
  %r12: 0x0000000000000000    %r13: 0x0000000000000000    
  %r14: 0x0000000000000000    %r15: 0x0000000000000000    
Registers:
  %rax: 0x0000000000000001    %rbx: 0x0000000000000000    
  %rcx: 0x0000000000000000    %rdx: 0x0000000000000000    
  %rsi: 0x0000000000000000    %rdi: 0x0000000000000000    
  %r8 : 0x0000000000000000    %r9 : 0x0000000000000000    
  %r10: 0x0000000000000000    %r11: 0x0000000000000000    
  %r12: 0x0000000000000000    %r13: 0x0000000000000000    
  %r14: 0x0000000000000000    %r15: 0x0000000000000000    
Registers:
  %rax: 0x0000000000000002    %rbx: 0x0000000000000000    
  %rcx: 0x0000000000000000    %rdx: 0x0000000000000000    
  %rsi: 0x0000000000000000    %rdi: 0x0000000000000000    
  %r8 : 0x0000000000000000    %r9 : 0x0000000000000000    
  %r10: 0x0000000000000000    %r11: 0x0000000000000000    
  %r12: 0x0000000000000000    %r13: 0x0000000000000000    
  %r14: 0x0000000000000000    %r15: 0x0000000000000000    
Registers:
  %rax: 0x0000000000000002    %rbx: 0x0000000000000000    
  %rcx: 0x0000000000000000    %rdx: 0x0000000000000000    
  %rsi: 0x0000000000000000    %rdi: 0x0000000000000000    
  %r8 : 0x0000000000000000    %r9 : 0x0000000000000000    
  %r10: 0x0000000000000000    %r11: 0x0000000000000000    
  %r12: 0x0000000000000000    %r13: 0x0000000000000000    
  %r14: 0x0000000000000000    %r15: 0x0000000000000000    
Registers:
  %rax: 0x0000000000000003    %rbx: 0x0000000000000000    
  %rcx: 0x0000000000000000    %rdx: 0x0000000000000000    
  %rsi: 0x0000000000000000    %rdi: 0x0000000000000000    
  %r8 : 0x0000000000000000    %r9 : 0x0000000000000000    
  %r10: 0x0000000000000000    %r11: 0x0000000000000000    
  %r12: 0x0000000000000000    %r13: 0x0000000000000000    
  %r14: 0x0000000000000000    %r15: 0x0000000000000000    
